// Jest Snapshot v1, https://goo.gl/fbAQLP

exports[`index Test JSON structured logging 1`] = `
[
  "{"level":"DEBUG","key":"root","msg":"DEBUG MESSAGE","a":3}",
]
`;

exports[`index Test JSON structured logging 2`] = `
[
  "{"4":4,"level":"INFO","key":"root","msg":"INFO MESSAGE"}",
]
`;

exports[`index Test JSON structured logging 3`] = `
[
  "{"level":"WARN","key":"root","msg":"WARN MESSAGE","c":"abc"}",
]
`;

exports[`index Test JSON structured logging 4`] = `
[
  "{"level":"ERROR","key":"root","msg":"ERROR MESSAGE","f":"lol"}",
]
`;

exports[`index Test JSON structured logging 5`] = `
[
  "{"level":"INFO","key":"child","msg":"INFO MESSAGE","a":{"b":{"c":{"d":4}}}}",
]
`;
